------------------------------------------------------------
TimeQuest Timing Analyzer Summary
------------------------------------------------------------

Type  : Slow 1200mV 85C Model Setup 'cycle'
Slack : -16.033
TNS   : -4871.944

Type  : Slow 1200mV 85C Model Setup 'clk'
Slack : -1.887
TNS   : -29.785

Type  : Slow 1200mV 85C Model Hold 'cycle'
Slack : 0.338
TNS   : 0.000

Type  : Slow 1200mV 85C Model Hold 'clk'
Slack : 0.342
TNS   : 0.000

Type  : Slow 1200mV 85C Model Minimum Pulse Width 'clk'
Slack : -3.000
TNS   : -30.000

Type  : Slow 1200mV 85C Model Minimum Pulse Width 'cycle'
Slack : -1.000
TNS   : -333.000

Type  : Slow 1200mV 0C Model Setup 'cycle'
Slack : -14.324
TNS   : -4347.513

Type  : Slow 1200mV 0C Model Setup 'clk'
Slack : -1.535
TNS   : -23.519

Type  : Slow 1200mV 0C Model Hold 'cycle'
Slack : 0.292
TNS   : 0.000

Type  : Slow 1200mV 0C Model Hold 'clk'
Slack : 0.301
TNS   : 0.000

Type  : Slow 1200mV 0C Model Minimum Pulse Width 'clk'
Slack : -3.000
TNS   : -30.000

Type  : Slow 1200mV 0C Model Minimum Pulse Width 'cycle'
Slack : -1.000
TNS   : -333.000

Type  : Fast 1200mV 0C Model Setup 'cycle'
Slack : -8.729
TNS   : -2643.841

Type  : Fast 1200mV 0C Model Setup 'clk'
Slack : -0.648
TNS   : -6.453

Type  : Fast 1200mV 0C Model Hold 'cycle'
Slack : 0.167
TNS   : 0.000

Type  : Fast 1200mV 0C Model Hold 'clk'
Slack : 0.175
TNS   : 0.000

Type  : Fast 1200mV 0C Model Minimum Pulse Width 'clk'
Slack : -3.000
TNS   : -31.512

Type  : Fast 1200mV 0C Model Minimum Pulse Width 'cycle'
Slack : -1.000
TNS   : -333.000

------------------------------------------------------------
