------------------------------------------------------------
TimeQuest Timing Analyzer Summary
------------------------------------------------------------

Type  : Slow 1200mV 85C Model Setup 'cycle'
Slack : -17.205
TNS   : -5057.588

Type  : Slow 1200mV 85C Model Setup 'clk'
Slack : -1.888
TNS   : -29.798

Type  : Slow 1200mV 85C Model Hold 'clk'
Slack : 0.342
TNS   : 0.000

Type  : Slow 1200mV 85C Model Hold 'cycle'
Slack : 0.459
TNS   : 0.000

Type  : Slow 1200mV 85C Model Minimum Pulse Width 'clk'
Slack : -3.000
TNS   : -30.000

Type  : Slow 1200mV 85C Model Minimum Pulse Width 'cycle'
Slack : -1.000
TNS   : -325.000

Type  : Slow 1200mV 0C Model Setup 'cycle'
Slack : -15.486
TNS   : -4545.174

Type  : Slow 1200mV 0C Model Setup 'clk'
Slack : -1.537
TNS   : -23.557

Type  : Slow 1200mV 0C Model Hold 'clk'
Slack : 0.300
TNS   : 0.000

Type  : Slow 1200mV 0C Model Hold 'cycle'
Slack : 0.414
TNS   : 0.000

Type  : Slow 1200mV 0C Model Minimum Pulse Width 'clk'
Slack : -3.000
TNS   : -30.000

Type  : Slow 1200mV 0C Model Minimum Pulse Width 'cycle'
Slack : -1.000
TNS   : -325.000

Type  : Fast 1200mV 0C Model Setup 'cycle'
Slack : -9.522
TNS   : -2767.353

Type  : Fast 1200mV 0C Model Setup 'clk'
Slack : -0.649
TNS   : -6.472

Type  : Fast 1200mV 0C Model Hold 'clk'
Slack : 0.174
TNS   : 0.000

Type  : Fast 1200mV 0C Model Hold 'cycle'
Slack : 0.234
TNS   : 0.000

Type  : Fast 1200mV 0C Model Minimum Pulse Width 'clk'
Slack : -3.000
TNS   : -31.512

Type  : Fast 1200mV 0C Model Minimum Pulse Width 'cycle'
Slack : -1.000
TNS   : -325.000

------------------------------------------------------------
